============================= test session starts =============================
platform win32 -- Python 3.11.2, pytest-9.0.2, pluggy-1.6.0
rootdir: E:\OrionFLow_CAD
plugins: anyio-4.12.0
collected 0 items / 1 error

=================================== ERRORS ====================================
_________________ ERROR collecting tests/test_retry_policy.py _________________
ImportError while importing test module 'E:\OrionFLow_CAD\tests\test_retry_policy.py'.
Hint: make sure your test modules/packages have valid Python names.
Traceback:
C:\Program Files\Python311\Lib\importlib\__init__.py:126: in import_module
    return _bootstrap._gcd_import(name[level:], package, level)
           ^^^^^^^^^^^^^^^^^^^^^^^^^^^^^^^^^^^^^^^^^^^^^^^^^^^^
tests\test_retry_policy.py:1: in <module>
    from app.services.retry_policy import is_retryable
app\services\__init__.py:4: in <module>
    from app.services.generation_service import GenerationService
app\services\generation_service.py:21: in <module>
    from app.llm import LLMClient
app\llm\__init__.py:7: in <module>
    from .client import LLMClient
app\llm\client.py:16: in <module>
    from app.llm.prompts import FEATURE_GRAPH_PROMPT, RETRY_PROMPT_TEMPLATE
E   ImportError: cannot import name 'RETRY_PROMPT_TEMPLATE' from 'app.llm.prompts' (E:\OrionFLow_CAD\app\llm\prompts.py)
============================== warnings summary ===============================
app\domain\feature_graph.py:118
  E:\OrionFLow_CAD\app\domain\feature_graph.py:118: PydanticDeprecatedSince20: Pydantic V1 style `@validator` validators are deprecated. You should migrate to Pydantic V2 style `@field_validator` validators, see the migration guide for more details. Deprecated in Pydantic V2.0 to be removed in V3.0. See Pydantic V2 Migration Guide at https://errors.pydantic.dev/2.12/migration/
    @validator('parameters')

.venv\Lib\site-packages\build123d\objects_curve.py:1353
  E:\OrionFLow_CAD\.venv\Lib\site-packages\build123d\objects_curve.py:1353: DeprecationWarning: The 'PointArcTangentLine' object is deprecated and will be removed in a future version.
    class PointArcTangentLine(BaseEdgeObject):

.venv\Lib\site-packages\build123d\objects_curve.py:1432
  E:\OrionFLow_CAD\.venv\Lib\site-packages\build123d\objects_curve.py:1432: DeprecationWarning: The 'PointArcTangentArc' object is deprecated and will be removed in a future version.
    class PointArcTangentArc(BaseEdgeObject):

.venv\Lib\site-packages\build123d\objects_curve.py:1586
  E:\OrionFLow_CAD\.venv\Lib\site-packages\build123d\objects_curve.py:1586: DeprecationWarning: The 'ArcArcTangentLine' object is deprecated and will be removed in a future version.
    class ArcArcTangentLine(BaseEdgeObject):

.venv\Lib\site-packages\build123d\objects_curve.py:1682
  E:\OrionFLow_CAD\.venv\Lib\site-packages\build123d\objects_curve.py:1682: DeprecationWarning: The 'ArcArcTangentArc' object is deprecated and will be removed in a future version.
    class ArcArcTangentArc(BaseEdgeObject):

-- Docs: https://docs.pytest.org/en/stable/how-to/capture-warnings.html
=========================== short test summary info ===========================
ERROR tests/test_retry_policy.py
!!!!!!!!!!!!!!!!!!! Interrupted: 1 error during collection !!!!!!!!!!!!!!!!!!!!
======================== 5 warnings, 1 error in 8.61s =========================
